browser started
browser closed
